Fetching 6 files:   0%|          | 0/6 [00:00<?, ?it/s]Fetching 6 files: 100%|██████████| 6/6 [00:00<00:00, 4562.33it/s]
==========
Okay, so I need to write a detailed essay on the history of computing, focusing on mainframes, personal computers, and mobile devices. Hmm, where do I start? I remember that computing has been around for a long time, but I'm not exactly sure about the timeline or key milestones. Let me break it down.

First, I think the very earliest computing devices were mechanical. Like, maybe the abacus? I've seen old calculators with beads, right? Those were used for basic arithmetic. But I'm not sure when they started being used in computers. Maybe in the 19th century? I think the first programmable computer was the ENIAC in the 1940s. That's a mainframe, right? So that's one part.

Then there's the personal computer. I know Apple's iMac is popular, but I'm not sure about the timeline. I think it was around the late 1970s. Microsoft's Windows came out in the mid-1990s, and I've heard they've been around for decades. So that's another mainframe, but maybe not as mainstream as the ENIAC.

Mobile devices, like smartphones, have been around for a while. The first mobile phone was the iPhone in the late 1980s. Then came the Android, which started in the early 2010s. I'm not sure about the exact dates, but I think they've been increasing in popularity. I guess they're part of the personal computing trend, so maybe they're related to personal computers.

Wait, but the user specifically mentioned mainframes, personal computers, and mobile devices. So I need to cover each of these areas. Maybe I should structure the essay with an introduction, then each section on mainframes, personal computers, and mobile devices, and then a conclusion.

For mainframes, I should talk about their development, key features like central processing units (CPUs), storage, and input/output interfaces. The ENIAC was a mainframe, as was the IBM System/360. I should mention the transition from mainframes to personal computers, maybe the rise of personal computers in the 1970s.

Personal computers would include the development of the first personal computers, like the Apple Macintosh, and then the rise of personal computers as part of the personal computing revolution. I should mention the timeline, key features, and impact on society.

Mobile devices, as I thought, are part of the personal computing trend, so maybe I can discuss their evolution from simple phones to smartphones, and then into other platforms like tablets and laptops. I should include the timeline, key features, and impact on technology and society.

I should also touch on the impact of these technologies on society, like job creation, economic growth, and technological advancement. Maybe include some statistics or examples, like how many smartphones are in use today.

Wait, but I need to make sure I'm not just listing dates but also explaining the significance of each. For example, when the ENIAC was developed, why was it considered a mainframe? Because it had a central processing unit, which was a big advancement in computing.

I should also consider the timeline of each technology. For example, the ENIAC was developed in the 1940s, while the first personal computer, the Apple Macintosh, was in the 1970s. Then mobile devices started to take off in the 2000s, with smartphones becoming popular in the 2010s.

I might also want to include some key milestones, like the development of the first personal computer, the rise of the internet, and how computing has transformed industries like healthcare, education, and business.

I should also think about the audience. The essay is for someone who needs a detailed overview, so I should explain each technology's impact, development, and significance. Maybe include some examples of how each technology has changed the world.

I should also make sure to explain the differences between mainframes, personal computers, and mobile devices. For example, mainframes are large, mainframe computers, while personal computers are smaller, and mobile devices are even smaller, like smartphones.

I might also want to touch on the evolution of computing, how each technology built upon the previous, and the impact on society, like how computing has changed jobs, increased productivity, and influenced culture.

I should structure the essay with an introduction, then sections on mainframes, personal computers, mobile devices, and a conclusion. Each section can have a few paragraphs, explaining the development, key features, impact, and significance.

I should also include some key dates and notable figures, like the ENIAC, the first personal computer, and the rise of smartphones. Maybe include some statistics, like the number of smartphones in use today, or the impact of computing on education.

I need to make sure the essay flows well, each section building on the previous one, and the key points are clear. I should also explain the technical terms, like central processing units, storage devices, etc., in a way that's accessible to someone without a background in computing.

I think I have a good outline. Now I just need to flesh it out, making sure each section covers the necessary details and connects the dots between mainframes, personal computers, and mobile devices. I should also highlight the importance of each technology in the history of computing and its impact on the world.
</think>

**The Evolution of Computing: A Comprehensive Overview**

**Introduction**

The history of computing is a testament to human ingenuity and technological advancement, shaping the modern world in profound ways. From the earliest mechanical calculators to the most advanced mobile devices, computing has evolved significantly, driven by innovation and societal needs. This essay explores three key areas: mainframes, personal computers, and mobile devices, examining their development, impact, and significance.

**Mainframes: The Early Computing Era**

The concept of computing dates back to ancient times, with early mechanical devices like the abacus and calculators. The ENIAC, developed in the 1940s, was a groundbreaking mainframe computer, showcasing the potential of central processing units (CPUs) and storage. Mainframes were characterized by their large size, mainframe computers, and the use of magnetic tape for data storage. The transition from mainframes to personal computers marked a significant shift in computing technology, setting the stage for personal computing.

**Personal Computers: The Rise of Digital Innovation**

The 1970s saw the birth of personal computers, with the Apple Macintosh and Microsoft Windows emerging as leading platforms. Personal computers revolutionized personal use, offering portability and convenience. The rise of personal computers coincided with the personal computing revolution, characterized by the development of smartphones, tablets, and laptops. These devices expanded computing's reach, from offices to everywhere, and laid the groundwork for the digital age.

**Mobile Devices: The Modern Digital Revolution**

The 2000s ushered in the era of mobile devices, with smartphones becoming the norm. The iPhone's rise in the 1980s marked the beginning of mobile computing, while Android emerged in the early 2010s. Mobile devices have since evolved into tablets, laptops, and even wearables, further transforming computing's role in daily life. Their impact extends beyond technology, influencing culture and society, as computing has become a cornerstone of modern life.

**Conclusion**

The history of computing is a narrative of innovation, evolution, and transformation. From the earliest mechanical calculators to the most advanced mobile devices, each technology has played a pivotal role in shaping the modern world. Mainframes, personal computers, and mobile devices represent key milestones in computing history, each contributing to the evolution of technology and society. As we look to the future, these technologies continue to evolve, driving advancements in fields like healthcare, education, and business, while reshaping how we live and work.
==========
Prompt: 26 tokens, 587.327 tokens-per-sec
Generation: 1632 tokens, 313.543 tokens-per-sec
Peak memory: 1.103 GB
