  q 1/100 OK pred=18 gold=18
  q 2/100 OK pred=3 gold=3
  q 3/100 OK pred=70000 gold=70000
  q 4/100 OK pred=540 gold=540
  q 5/100 OK pred=20 gold=20
  q 6/100 OK pred=64 gold=64
  q 7/100 .. pred=240 gold=260
  q 8/100 OK pred=160 gold=160
  q 9/100 .. pred=315 gold=45
  q 10/100 OK pred=460 gold=460
  q 11/100 OK pred=366 gold=366
  q 12/100 OK pred=694 gold=694
  q 13/100 .. pred=12 gold=13
  q 14/100 OK pred=18 gold=18
  q 15/100 OK pred=60 gold=60
  q 16/100 OK pred=125 gold=125
  q 17/100 OK pred=230 gold=230
  q 18/100 OK pred=57500 gold=57500
  q 19/100 .. pred=21 gold=7
  q 20/100 OK pred=6 gold=6
  q 21/100 OK pred=15 gold=15
  q 22/100 OK pred=14 gold=14
  q 23/100 OK pred=7 gold=7
  q 24/100 OK pred=8 gold=8
  q 25/100 OK pred=26 gold=26
  q 26/100 OK pred=2 gold=2
  q 27/100 OK pred=243 gold=243
  q 28/100 OK pred=16 gold=16
  q 29/100 OK pred=25 gold=25
  q 30/100 OK pred=104 gold=104
  q 31/100 OK pred=109 gold=109
  q 32/100 OK pred=80 gold=80
  q 33/100 OK pred=35 gold=35
  q 34/100 OK pred=70 gold=70
  q 35/100 OK pred=23 gold=23
  q 36/100 OK pred=9 gold=9
  q 37/100 OK pred=75 gold=75
  q 38/100 .. pred=0 gold=2
  q 39/100 OK pred=10 gold=10
  q 40/100 OK pred=18 gold=18
  q 41/100 OK pred=8 gold=8
  q 42/100 OK pred=200 gold=200
  q 43/100 OK pred=26 gold=26
  q 44/100 OK pred=48 gold=48
  q 45/100 OK pred=20 gold=20
  q 46/100 OK pred=104 gold=104
  q 47/100 OK pred=163 gold=163
  q 48/100 OK pred=800 gold=800
  q 49/100 OK pred=8 gold=8
  q 50/100 OK pred=30 gold=30
  q 51/100 OK pred=294 gold=294
  q 52/100 OK pred=5 gold=5
  q 53/100 OK pred=15 gold=15
  q 54/100 OK pred=40 gold=40
  q 55/100 OK pred=40 gold=40
  q 56/100 OK pred=14 gold=14
  q 57/100 OK pred=3 gold=3
  q 58/100 OK pred=83 gold=83
  q 59/100 OK pred=57 gold=57
  q 60/100 OK pred=187 gold=187
  q 61/100 OK pred=17 gold=17
  q 62/100 OK pred=1430 gold=1430
  q 63/100 .. pred=2500 gold=25000
  q 64/100 OK pred=1596 gold=1596
  q 65/100 OK pred=300 gold=300
  q 66/100 OK pred=36 gold=36
  q 67/100 OK pred=48 gold=48
  q 68/100 OK pred=595 gold=595
  q 69/100 OK pred=36 gold=36
  q 70/100 OK pred=60 gold=60
  q 71/100 .. pred=2925 gold=7425
  q 72/100 OK pred=60 gold=60
  q 73/100 OK pred=221 gold=221
  q 74/100 OK pred=255 gold=255
  q 75/100 OK pred=88 gold=88
  q 76/100 .. pred=7.5 gold=60
  q 77/100 OK pred=5 gold=5
  q 78/100 OK pred=100 gold=100
  q 79/100 OK pred=6 gold=6
  q 80/100 OK pred=70 gold=70
  q 81/100 OK pred=10 gold=10
  q 82/100 OK pred=17 gold=17
  q 83/100 OK pred=623 gold=623
  q 84/100 OK pred=600 gold=600
  q 85/100 OK pred=15 gold=15
  q 86/100 .. pred=12 gold=44
  q 87/100 OK pred=22 gold=22
  q 88/100 OK pred=9360 gold=9360
  q 89/100 OK pred=8000 gold=8000
  q 90/100 OK pred=24 gold=24
  q 91/100 OK pred=225 gold=225
  q 92/100 OK pred=28 gold=28
  q 93/100 OK pred=4 gold=4
  q 94/100 .. pred=36.36363636363637 gold=36
  q 95/100 OK pred=348 gold=348
  q 96/100 OK pred=40 gold=40
  q 97/100 OK pred=3 gold=3
  q 98/100 OK pred=12 gold=12
  q 99/100 .. pred=2 gold=5
  q 100/100 OK pred=58 gold=58
== litert-gemma4-e2b-v0150-ctx4096-off: 89/100 = 89.0%   (317s)
   wrote results/quality/gsm8k_litert-gemma4-e2b-v0150-ctx4096-off.json
  q 1/100 OK pred=18 gold=18
  q 2/100 OK pred=3 gold=3
  q 3/100 OK pred=70000 gold=70000
  q 4/100 OK pred=540 gold=540
  q 5/100 OK pred=20 gold=20
  q 6/100 OK pred=64 gold=64
  q 7/100 OK pred=260 gold=260
  q 8/100 .. pred=120 gold=160
  q 9/100 .. pred=None gold=45
  q 10/100 OK pred=460 gold=460
  q 11/100 OK pred=366 gold=366
  q 12/100 OK pred=694 gold=694
  q 13/100 .. pred=12 gold=13
  q 14/100 OK pred=18 gold=18
  q 15/100 OK pred=60 gold=60
  q 16/100 OK pred=125 gold=125
  q 17/100 OK pred=230 gold=230
  q 18/100 OK pred=57500 gold=57500
  q 19/100 OK pred=7 gold=7
  q 20/100 OK pred=6 gold=6
  q 21/100 OK pred=15 gold=15
  q 22/100 OK pred=14 gold=14
  q 23/100 OK pred=7 gold=7
  q 24/100 OK pred=8 gold=8
  q 25/100 OK pred=26 gold=26
  q 26/100 OK pred=2 gold=2
  q 27/100 OK pred=243 gold=243
  q 28/100 OK pred=16 gold=16
  q 29/100 OK pred=25 gold=25
  q 30/100 OK pred=104 gold=104
  q 31/100 OK pred=109 gold=109
  q 32/100 OK pred=80 gold=80
  q 33/100 OK pred=35 gold=35
  q 34/100 OK pred=70 gold=70
  q 35/100 OK pred=23 gold=23
  q 36/100 OK pred=9 gold=9
  q 37/100 OK pred=75 gold=75
  q 38/100 .. pred=0 gold=2
  q 39/100 OK pred=10 gold=10
  q 40/100 OK pred=18 gold=18
  q 41/100 OK pred=8 gold=8
  q 42/100 .. pred=1200 gold=200
  q 43/100 OK pred=26 gold=26
  q 44/100 .. pred=None gold=48
  q 45/100 OK pred=20 gold=20
  q 46/100 OK pred=104 gold=104
  q 47/100 OK pred=163 gold=163
  q 48/100 OK pred=800 gold=800
  q 49/100 OK pred=8 gold=8
  q 50/100 OK pred=30 gold=30
  q 51/100 OK pred=294 gold=294
  q 52/100 OK pred=5 gold=5
  q 53/100 OK pred=15 gold=15
  q 54/100 OK pred=40 gold=40
  q 55/100 OK pred=40 gold=40
  q 56/100 OK pred=14 gold=14
  q 57/100 OK pred=3 gold=3
  q 58/100 OK pred=83 gold=83
  q 59/100 OK pred=57 gold=57
  q 60/100 OK pred=187 gold=187
  q 61/100 OK pred=17 gold=17
  q 62/100 OK pred=1430 gold=1430
  q 63/100 .. pred=2500 gold=25000
  q 64/100 OK pred=1596 gold=1596
  q 65/100 OK pred=300 gold=300
  q 66/100 OK pred=36 gold=36
  q 67/100 OK pred=48 gold=48
  q 68/100 OK pred=595 gold=595
  q 69/100 OK pred=36 gold=36
  q 70/100 OK pred=60 gold=60
  q 71/100 OK pred=7425 gold=7425
  q 72/100 OK pred=60 gold=60
  q 73/100 OK pred=221 gold=221
  q 74/100 OK pred=255 gold=255
  q 75/100 OK pred=88 gold=88
  q 76/100 OK pred=60 gold=60
  q 77/100 OK pred=5 gold=5
  q 78/100 OK pred=100 gold=100
  q 79/100 OK pred=6 gold=6
  q 80/100 OK pred=70 gold=70
  q 81/100 OK pred=10 gold=10
  q 82/100 OK pred=17 gold=17
  q 83/100 OK pred=623 gold=623
  q 84/100 OK pred=600 gold=600
  q 85/100 OK pred=15 gold=15
  q 86/100 OK pred=44 gold=44
  q 87/100 OK pred=22 gold=22
  q 88/100 .. pred=1080 gold=9360
  q 89/100 OK pred=8000 gold=8000
  q 90/100 OK pred=24 gold=24
  q 91/100 OK pred=225 gold=225
  q 92/100 OK pred=28 gold=28
  q 93/100 OK pred=4 gold=4
  q 94/100 OK pred=36 gold=36
  q 95/100 OK pred=348 gold=348
  q 96/100 OK pred=40 gold=40
  q 97/100 OK pred=3 gold=3
  q 98/100 OK pred=12 gold=12
  q 99/100 OK pred=5 gold=5
  q 100/100 OK pred=58 gold=58
== litert-gemma4-e2b-v0150-ctx4096-thinking: 92/100 = 92.0%   (789s)
   wrote results/quality/gsm8k_litert-gemma4-e2b-v0150-ctx4096-thinking.json
